// Jest Snapshot v1, https://goo.gl/fbAQLP

exports[`ThemePicker does not render when no colors are provided 1`] = `null`;

exports[`ThemePicker renders correctly 1`] = `
<div
  className="inline field"
  id="field-test-theme-picker"
>
  <div
    className="ui grid"
  >
    <div
      className="row"
    >
      <div
        className="middle aligned twelve wide column color-picker-widget"
      >
        <div
          className="wrapper"
        >
          <label
            htmlFor="field-test-theme-picker"
          >
            Test Theme Picker
          </label>
          <div
            className="buttons"
          >
            <button
              aria-label="Color 1"
              className="ui active circular button color1"
              onClick={[Function]}
              title="Color 1"
            />
            <button
              aria-label="Color 2"
              className="ui circular button color2"
              onClick={[Function]}
              title="Color 2"
            />
          </div>
        </div>
      </div>
    </div>
  </div>
</div>
`;
